// Jest Snapshot v1, https://goo.gl/fbAQLP

exports[`UiApp Rendered correctly 1`] = `"<div class=\\"ui-toolbar ui-theme--light\\">Default slot text</div>"`;
