// Jest Snapshot v1, https://goo.gl/fbAQLP

exports[`UiToolbarTitle Rendered correctly 1`] = `"<main class=\\"ui-main\\" style=\\"margin: 0px 0px 0px 0px;\\">Default slot text</main>"`;
